// Jest Snapshot v1, https://goo.gl/fbAQLP

exports[`BlankSlate default snapshot 1`] = `
<p class="blank">
  <slot>
  </slot>
</p>
`;
