// Jest Snapshot v1, https://goo.gl/fbAQLP

exports[`Panels matches default snapshot 1`] = `
<div class="root">
  <slot name="main">
  </slot>
  <div class="gutter">
  </div>
  <slot name="side">
  </slot>
  <div>
  </div>
</div>
`;
