// Jest Snapshot v1, https://goo.gl/fbAQLP

exports[`AttrList matches default snapshot 1`] = `
<span>
  ref
  =
  <b>
    "DEMO"
  </b>
</span>
<span>
  detached
</span>
`;

exports[`AttrList matches empty snapshot 1`] = ``;
