// Jest Snapshot v1, https://goo.gl/fbAQLP

exports[`MainPanel matches default snapshot 1`] = `
<div
  class="css-1y4ya79"
  style=""
>
  DEMO
  
</div>
`;
